../Core/Src/main.c:119:6:Add_Queue	1
../Core/Src/main.c:125:10:Search_Queue	5
../Core/Src/main.c:157:6:HAL_UART_RxCpltCallback	4
../Core/Src/main.c:187:6:Encoder2Velocity	2
../Core/Src/main.c:214:6:Control	23
../Core/Src/main.c:234:6:HAL_TIM_PeriodElapsedCallback	3
../Core/Src/main.c:245:5:_write	1
../Core/Src/main.c:256:5:main	1
../Core/Src/main.c:368:6:SystemClock_Config	3
../Core/Src/main.c:409:13:MX_TIM1_Init	8
../Core/Src/main.c:493:13:MX_TIM2_Init	3
../Core/Src/main.c:542:13:MX_TIM3_Init	3
../Core/Src/main.c:591:13:MX_TIM4_Init	3
../Core/Src/main.c:640:13:MX_TIM6_Init	3
../Core/Src/main.c:678:13:MX_TIM7_Init	3
../Core/Src/main.c:716:13:MX_TIM16_Init	5
../Core/Src/main.c:779:13:MX_TIM17_Init	5
../Core/Src/main.c:842:13:MX_USART2_UART_Init	5
../Core/Src/main.c:888:13:MX_DMA_Init	1
../Core/Src/main.c:910:13:MX_GPIO_Init	1
../Core/Src/main.c:931:6:Error_Handler	1
