../Core/Src/main.c:119:6:Add_Queue	1
../Core/Src/main.c:125:10:Search_Queue	5
../Core/Src/main.c:157:6:HAL_UART_RxCpltCallback	4
../Core/Src/main.c:187:6:Encoder2Velocity	2
../Core/Src/main.c:214:6:Control	29
../Core/Src/main.c:236:6:HAL_TIM_PeriodElapsedCallback	3
../Core/Src/main.c:247:5:_write	1
../Core/Src/main.c:258:5:main	1
../Core/Src/main.c:360:6:SystemClock_Config	3
../Core/Src/main.c:401:13:MX_TIM1_Init	8
../Core/Src/main.c:485:13:MX_TIM2_Init	3
../Core/Src/main.c:534:13:MX_TIM3_Init	3
../Core/Src/main.c:583:13:MX_TIM4_Init	3
../Core/Src/main.c:632:13:MX_TIM6_Init	3
../Core/Src/main.c:670:13:MX_TIM7_Init	3
../Core/Src/main.c:708:13:MX_TIM16_Init	5
../Core/Src/main.c:771:13:MX_TIM17_Init	5
../Core/Src/main.c:834:13:MX_USART2_UART_Init	5
../Core/Src/main.c:880:13:MX_DMA_Init	1
../Core/Src/main.c:902:13:MX_GPIO_Init	1
../Core/Src/main.c:923:6:Error_Handler	1
